bun test v1.3.14 (0d9b296a)

test/child-transport.test.ts:
356 | 			await host.execute("team_shutdown", { team: "resume-instructions" });
357 | 			const before = lines(fake.eventsPath).filter((entry) => entry.type === "parent" && (entry.args as JsonRecord)?.event && ((entry.args as JsonRecord).event as JsonRecord).type === "agent_start").length;
358 | 			await host.execute("team_resume", { team: "resume-instructions", startIdle: true, resumptionPrompt: "New instructions for the next turn." });
359 | 			const deliveries = lines(fake.eventsPath).filter((entry) => entry.type === "delivery");
360 | 			const resumption = deliveries.map((entry) => (entry.body as JsonRecord).args as JsonRecord).find((args) => args.message === "New instructions for the next turn.");
361 | 			assert.ok(resumption, "Resume must record the supplied instructions even when startIdle is true.");
                ^
AssertionError: Resume must record the supplied instructions even when startIdle is true.
 generatedMessage: false,
     actual: undefined,
   expected: true,
   operator: "==",
       code: "ERR_ASSERTION"

      at /Users/giladbarnea/dev/pi-extensions/pi-simple-team/test/child-transport.test.ts:361:11
      at processTicksAndRejections (native:7:39)
(fail) unified child runtime > resume can record a resumption prompt while keeping the selected teammate idle [171.10ms]

 0 pass
 25 filtered out
 1 fail
Ran 1 test across 1 file. [499.00ms]
