bun test v1.3.14 (0d9b296a)

test/child-transport.test.ts:
360 | 			await waitFor(() => lines(fake.eventsPath).filter((entry) => entry.type === "delivery").length === 2);
361 | 			const interrupts = Object.fromEntries(lines(fake.eventsPath).filter((entry) => entry.type === "delivery").map((entry) => {
362 | 				const args = (entry.body as JsonRecord).args as JsonRecord;
363 | 				return [args.to, args.interrupt];
364 | 			}));
365 | 			assert.deepEqual(interrupts, { first: false, second: true }, "Selective interruption must not abort the unselected recipient.");
                ^
AssertionError: Selective interruption must not abort the unselected recipient.
+ actual - expected

  {
+   first: true,
-   first: false,
    second: true
  }

 generatedMessage: false,
     actual: {
  first: true,
  second: true,
},
   expected: {
  first: false,
  second: true,
},
   operator: "deepStrictEqual",
       code: "ERR_ASSERTION"

      at /Users/giladbarnea/dev/pi-extensions/pi-simple-team/test/child-transport.test.ts:365:11
      at processTicksAndRejections (native:7:39)
(fail) unified child runtime > selective interruption applies only to listed recipients and rejects outsiders [162.81ms]

 0 pass
 29 filtered out
 1 fail
Ran 1 test across 1 file. [506.00ms]
