bun test v1.3.14 (0d9b296a)

test/child-transport.test.ts:
267 | }
268 | 
269 | async function waitFor(predicate: () => boolean, timeoutMilliseconds = 2_000): Promise<void> {
270 | 	const deadline = Date.now() + timeoutMilliseconds;
271 | 	while (!predicate() && Date.now() < deadline) await new Promise((resolve) => setTimeout(resolve, 10));
272 | 	assert.ok(predicate(), "Timed out waiting for fake Herdr activity");
              ^
AssertionError: Timed out waiting for fake Herdr activity
 generatedMessage: false,
     actual: false,
   expected: true,
   operator: "==",
       code: "ERR_ASSERTION"

      at waitFor (/Users/giladbarnea/dev/pi-extensions/pi-simple-team/test/child-transport.test.ts:272:9)
      at /Users/giladbarnea/dev/pi-extensions/pi-simple-team/test/child-transport.test.ts:388:4
      at processTicksAndRejections (native:7:39)
(fail) unified child runtime > a delivery failure after publication is pushed to the sending main session [2086.34ms]

 0 pass
 30 filtered out
 1 fail
Ran 1 test across 1 file. [2.41s]
