bun test v1.3.14 (0d9b296a)

test/child-transport.test.ts:
158 | 
159 | function runCommand(command: string, args: string[], timeoutMilliseconds = 30_000): Promise<CommandResult> {
160 | 	return new Promise((resolve, reject) => {
161 | 		childProcess.execFile(command, args, { timeout: timeoutMilliseconds, maxBuffer: 1024 * 1024 }, (error, stdout, stderr) => {
162 | 			if (error) {
163 | 				reject(new Error(`${command} ${args.join(" ")} failed: ${error.message}${stderr.trim() ? `\n${stderr.trim()}` : ""}`));
                     ^
error: herdr agent start visible --tab fake-tab --split right --no-focus --cwd /Users/giladbarnea/dev/pi-extensions/pi-simple-team --env PI_SIMPLE_TEAM_CHILD=1 --env PI_SIMPLE_TEAM_CALLBACK_URL=http://127.0.0.1:54440/callback --env PI_SIMPLE_TEAM_CALLBACK_TOKEN=fa1ac9abe1dc42e01fa3dae9d75b517da26118b9b30f986b --env PI_SIMPLE_TEAM_TEAM=fake-main-session-id-mixed-team --env PI_SIMPLE_TEAM_TEAM_NAME=mixed-team --env PI_SIMPLE_TEAM_MEMBER=visible --env PI_SIMPLE_TEAM_PARTICIPANTS=["visible","background"] --env PI_SIMPLE_TEAM_CAN_OVERSEE_OWN_TEAMS=0 -- /var/folders/28/9x0yw2vs4bzd8s3p7pyfs1kc0000gn/T/pi-simple-team-herdr-test-TVXQHu/parent-pi --no-extensions -e /Users/giladbarnea/dev/pi-extensions/pi-simple-team/index.ts --model fake/fake-model --thinking xhigh --system-prompt Read the bundled ai-to-leader skill at /Users/giladbarnea/dev/pi-extensions/pi-simple-team/skills/ai-to-leader/SKILL.md and the bundled ai-to-delegated skill at /Users/giladbarnea/dev/pi-extensions/pi-simple-team/skills/ai-to-delegated/SKILL.md in full before continuing, then follow their instructions.

Wait.

Wait.

You are visible, a teammate on team mixed-team.

Participants: main, visible, background.

Use team_send_message to talk to teammates, send_main_message to talk to the main agent, and team_status to set/read public statuses.

The main agent is the current coordinator. Use the team tools and available session history to share relevant context.

When your turn starts, call team_status to acknowledge that you received your instructions before doing substantive work.

Whenever you receive a message from main or a teammate, call team_status first to acknowledge that specific message, then proceed.

Never set a waiting status until after you have sent the teammate you are waiting for a team_send_message describing exactly what you need from them.

If you are waiting, message the person you are waiting for. Ask them to wake you when the condition is met. Set your status to “waiting for X to wake me when Y is done”, then stay put.

There is no inbox to poll and no done button. Coordinate naturally. If the team is done, one teammate should tell main via teammain. failed: Command failed: herdr agent start visible --tab fake-tab --split right --no-focus --cwd /Users/giladbarnea/dev/pi-extensions/pi-simple-team --env PI_SIMPLE_TEAM_CHILD=1 --env PI_SIMPLE_TEAM_CALLBACK_URL=http://127.0.0.1:54440/callback --env PI_SIMPLE_TEAM_CALLBACK_TOKEN=fa1ac9abe1dc42e01fa3dae9d75b517da26118b9b30f986b --env PI_SIMPLE_TEAM_TEAM=fake-main-session-id-mixed-team --env PI_SIMPLE_TEAM_TEAM_NAME=mixed-team --env PI_SIMPLE_TEAM_MEMBER=visible --env PI_SIMPLE_TEAM_PARTICIPANTS=["visible","background"] --env PI_SIMPLE_TEAM_CAN_OVERSEE_OWN_TEAMS=0 -- /var/folders/28/9x0yw2vs4bzd8s3p7pyfs1kc0000gn/T/pi-simple-team-herdr-test-TVXQHu/parent-pi --no-extensions -e /Users/giladbarnea/dev/pi-extensions/pi-simple-team/index.ts --model fake/fake-model --thinking xhigh --system-prompt Read the bundled ai-to-leader skill at /Users/giladbarnea/dev/pi-extensions/pi-simple-team/skills/ai-to-leader/SKILL.md and the bundled ai-to-delegated skill at /Users/giladbarnea/dev/pi-extensions/pi-simple-team/skills/ai-to-delegated/SKILL.md in full before continuing, then follow their instructions.

Wait.

Wait.

You are visible, a teammate on team mixed-team.

Participants: main, visible, background.

Use team_send_message to talk to teammates, send_main_message to talk to the main agent, and team_status to set/read public statuses.

The main agent is the current coordinator. Use the team tools and available session history to share relevant context.

When your turn starts, call team_status to acknowledge that you received your instructions before doing substantive work.

Whenever you receive a message from main or a teammate, call team_status first to acknowledge that specific message, then proceed.

Never set a waiting status until after you have sent the teammate you are waiting for a team_send_message describing exactly what you need from them.

If you are waiting, message the person you are waiting for. Ask them to wake you when the condition is met. Set your status to “waiting for X to wake me when Y is done”, then stay put.

There is no inbox to poll and no done button. Coordinate naturally. If the team is done, one teammate should tell main via teammain.
unexpected fake Herdr command: agent start visible --tab fake-tab --split right --no-focus --cwd /Users/giladbarnea/dev/pi-extensions/pi-simple-team --env PI_SIMPLE_TEAM_CHILD=1 --env PI_SIMPLE_TEAM_CALLBACK_URL=http://127.0.0.1:54440/callback --env PI_SIMPLE_TEAM_CALLBACK_TOKEN=fa1ac9abe1dc42e01fa3dae9d75b517da26118b9b30f986b --env PI_SIMPLE_TEAM_TEAM=fake-main-session-id-mixed-team --env PI_SIMPLE_TEAM_TEAM_NAME=mixed-team --env PI_SIMPLE_TEAM_MEMBER=visible --env PI_SIMPLE_TEAM_PARTICIPANTS=["visible","background"] --env PI_SIMPLE_TEAM_CAN_OVERSEE_OWN_TEAMS=0 -- /var/folders/28/9x0yw2vs4bzd8s3p7pyfs1kc0000gn/T/pi-simple-team-herdr-test-TVXQHu/parent-pi --no-extensions -e /Users/giladbarnea/dev/pi-extensions/pi-simple-team/index.ts --model fake/fake-model --thinking xhigh --system-prompt Read the bundled ai-to-leader skill at /Users/giladbarnea/dev/pi-extensions/pi-simple-team/skills/ai-to-leader/SKILL.md and the bundled ai-to-delegated skill at /Users/giladbarnea/dev/pi-extensions/pi-simple-team/skills/ai-to-delegated/SKILL.md in full before continuing, then follow their instructions.

Wait.

Wait.

You are visible, a teammate on team mixed-team.

Participants: main, visible, background.

Use team_send_message to talk to teammates, send_main_message to talk to the main agent, and team_status to set/read public statuses.

The main agent is the current coordinator. Use the team tools and available session history to share relevant context.

When your turn starts, call team_status to acknowledge that you received your instructions before doing substantive work.

Whenever you receive a message from main or a teammate, call team_status first to acknowledge that specific message, then proceed.

Never set a waiting status until after you have sent the teammate you are waiting for a team_send_message describing exactly what you need from them.

If you are waiting, message the person you are waiting for. Ask them to wake you when the condition is met. Set your status to “waiting for X to wake me when Y is done”, then stay put.

There is no inbox to poll and no done button. Coordinate naturally. If the team is done, one teammate should tell main via teammain.
unexpected fake Herdr command: agent start visible --tab fake-tab --split right --no-focus --cwd /Users/giladbarnea/dev/pi-extensions/pi-simple-team --env PI_SIMPLE_TEAM_CHILD=1 --env PI_SIMPLE_TEAM_CALLBACK_URL=http://127.0.0.1:54440/callback --env PI_SIMPLE_TEAM_CALLBACK_TOKEN=fa1ac9abe1dc42e01fa3dae9d75b517da26118b9b30f986b --env PI_SIMPLE_TEAM_TEAM=fake-main-session-id-mixed-team --env PI_SIMPLE_TEAM_TEAM_NAME=mixed-team --env PI_SIMPLE_TEAM_MEMBER=visible --env PI_SIMPLE_TEAM_PARTICIPANTS=["visible","background"] --env PI_SIMPLE_TEAM_CAN_OVERSEE_OWN_TEAMS=0 -- /var/folders/28/9x0yw2vs4bzd8s3p7pyfs1kc0000gn/T/pi-simple-team-herdr-test-TVXQHu/parent-pi --no-extensions -e /Users/giladbarnea/dev/pi-extensions/pi-simple-team/index.ts --model fake/fake-model --thinking xhigh --system-prompt Read the bundled ai-to-leader skill at /Users/giladbarnea/dev/pi-extensions/pi-simple-team/skills/ai-to-leader/SKILL.md and the bundled ai-to-delegated skill at /Users/giladbarnea/dev/pi-extensions/pi-simple-team/skills/ai-to-delegated/SKILL.md in full before continuing, then follow their instructions.

Wait.

Wait.

You are visible, a teammate on team mixed-team.

Participants: main, visible, background.

Use team_send_message to talk to teammates, send_main_message to talk to the main agent, and team_status to set/read public statuses.

The main agent is the current coordinator. Use the team tools and available session history to share relevant context.

When your turn starts, call team_status to acknowledge that you received your instructions before doing substantive work.

Whenever you receive a message from main or a teammate, call team_status first to acknowledge that specific message, then proceed.

Never set a waiting status until after you have sent the teammate you are waiting for a team_send_message describing exactly what you need from them.

If you are waiting, message the person you are waiting for. Ask them to wake you when the condition is met. Set your status to “waiting for X to wake me when Y is done”, then stay put.

There is no inbox to poll and no done button. Coordinate naturally. If the team is done, one teammate should tell main via teammain.
      at <anonymous> (/Users/giladbarnea/dev/pi-extensions/pi-simple-team/index.ts:163:16)
      at exitHandler (node:child_process:109:27)
      at emit (node:events:98:22)
      at #maybeClose (node:child_process:766:16)
      at #handleOnExit (node:child_process:520:72)
(fail) visible Herdr teammates > individual panes support mixed teams and explicit team settings override them [87.07ms]

 0 pass
 37 filtered out
 1 fail
Ran 1 test across 1 file. [416.00ms]
