bun test v1.3.14 (0d9b296a)

test/child-transport.test.ts:
368 | 			await host.execute("team_spawn", { teamName: "resumption-log", commonPrompt: "Wait.", startIdle: true, teammates: [{ name: "probe", systemPrompt: "Wait.", model: "fake/fake-model" }] });
369 | 			await host.execute("team_shutdown", { team: "resumption-log" });
370 | 			await host.execute("team_resume", { team: "resumption-log", startIdle: true, resumptionPrompt });
371 | 			const log = await host.execute("team_log", { team: "resumption-log", search: "RESUMPTION_TAIL" });
372 | 			const entries = log.details?.entries as Array<{ kind: string; details?: JsonRecord }>;
373 | 			assert.ok(entries?.some((entry) => entry.kind === "send" && entry.details?.message === resumptionPrompt), "Resumption must preserve the full published message in the same log as ordinary sends.");
                ^
AssertionError: Resumption must preserve the full published message in the same log as ordinary sends.
 generatedMessage: false,
     actual: false,
   expected: true,
   operator: "==",
       code: "ERR_ASSERTION"

      at /Users/giladbarnea/dev/pi-extensions/pi-simple-team/test/child-transport.test.ts:373:11
      at processTicksAndRejections (native:7:39)
(fail) unified child runtime > the team log retains complete resumption instructions even when the team starts idle [145.66ms]

 0 pass
 38 filtered out
 1 fail
Ran 1 test across 1 file. [510.00ms]
