bun test v1.3.14 (0d9b296a)

test/child-transport.test.ts:
(pass) unified child runtime > ambiguous team selection returns names mapped to every available team ID [11.02ms]
(pass) unified child runtime > message publication and shutdown return explicit identities without redundant fields [93.13ms]
(pass) unified child runtime > list returns a complete teammate record without parallel name or session identity fields [66.80ms]
(pass) unified child runtime > resume and add return affected identities and whole-team statuses consistently [225.00ms]
(pass) unified child runtime > spawn accepts the reviewed input names and returns one durable teammate identity [69.10ms]
(pass) unified child runtime > a partial kickoff failure identifies started and failed teammates without losing the team [146.15ms]
(pass) unified child runtime > a teammate receives its own peer-delivery failure instead of notifying main [1154.08ms]
(pass) unified child runtime > a delivery failure after publication is pushed to the sending main session [86.83ms]
(pass) unified child runtime > selective interruption applies only to listed recipients and rejects outsiders [145.72ms]
(pass) unified child runtime > add starts only new teammates and can leave a later addition idle [208.42ms]
(pass) unified child runtime > resume starts stopped teammates by default without restarting already-live members [305.83ms]
(pass) unified child runtime > resume can record a resumption prompt while keeping the selected teammate idle [157.37ms]
(pass) unified child runtime > startIdle leaves a ready team idle until an explicit message [1081.28ms]
(pass) unified child runtime > starts every teammate only after the complete team is ready [180.83ms]
(pass) unified child runtime > a non-visible child starts the same delivery runtime and registers with the parent [10.50ms]
(pass) unified child runtime > RPC teammates use the parent Pi executable instead of PATH [65.56ms]
(pass) unified child runtime > team_spawn takes an RPC teammate's identity from registration, not a state query [73.44ms]
(pass) unified child runtime > main reads an RPC teammate's context window through its delivery runtime [66.75ms]
(pass) unified child runtime > team_send_message reaches an RPC teammate through its delivery runtime and its events flow back [101.67ms]
(pass) unified child runtime > an interrupting send carries the interrupt flag to the RPC teammate's runtime [90.71ms]
(pass) visible Herdr teammates > individual panes support mixed teams and explicit team settings override them [578.46ms]
(pass) visible Herdr teammates > exposes its current context usage to the parent [9.41ms]
(pass) visible Herdr teammates > bounds an interrupted delivery when agent_settled never arrives [259.95ms]
(pass) visible Herdr teammates > resolves an interrupted delivery when session shutdown replaces agent_settled [35.27ms]
(pass) visible Herdr teammates > retries lifecycle callbacks without reordering events [27.94ms]
(pass) visible Herdr teammates > fails a later delivery after the final lifecycle callback failure [22.22ms]
(pass) visible Herdr teammates > defaults to RPC and does not call Herdr when omitted or false [10.77ms]
(pass) visible Herdr teammates > rejects inherited context for an ephemeral main session [0.50ms]
(pass) visible Herdr teammates > Herdr teammates use the parent Pi executable instead of PATH [243.60ms]
(pass) visible Herdr teammates > passes the main session fork only to inheriting visible teammates [420.56ms]
(pass) visible Herdr teammates > requires the main session Herdr tab before visible spawn [1.25ms]
(pass) visible Herdr teammates > main reports a visible teammate before itself [236.40ms]
(pass) visible Herdr teammates > persists visible teammates and resumes them through RPC by default [323.62ms]
(pass) visible Herdr teammates > resumes a persisted session in visible panes only when explicitly requested [481.82ms]
(pass) visible Herdr teammates > starts a ready visible teammate, forwards delivery events, and closes the exact pane [272.08ms]
(pass) visible Herdr teammates > treats an externally closed pane as already closed during team shutdown [234.08ms]
(pass) visible Herdr teammates > closes a pane when visible-child readiness fails [237.40ms]
(pass) visible Herdr teammates > rolls back already-created panes after a later Herdr start fails [267.15ms]

 38 pass
 0 fail
Ran 38 tests across 1 file. [8.33s]
