bun test v1.3.14 (0d9b296a)

test/team-registry.test.ts:
496 | 			[{ name: "persisted", systemPrompt: "Wait.", model: "fake/fake-model", thinking: "low", inheritMainContext: false, canManageOwnTeams: true, showOnHerdrPane: false, teammateId: invocation?.sessionId, sessionFile: invocation?.sessionFile, live: true, active: false }],
497 | 			`Expected team_spawn to return the reported Pi session identity. Got: ${JSON.stringify(result.details)}`,
498 | 		);
499 | 		const manifestPath = path.join(agentDirectory, "pi-simple-team", "teams", "origin-main-session-id-identity-team.json");
500 | 		const manifest = JSON.parse(fs.readFileSync(manifestPath, "utf8")) as JsonRecord;
501 | 		assert.equal(manifest.version, 2, "The current manifest must have a distinct version without legacy field adapters.");
               ^
AssertionError: The current manifest must have a distinct version without legacy field adapters.

1 !== 2

 generatedMessage: false,
     actual: 1,
   expected: 2,
   operator: "strictEqual",
       code: "ERR_ASSERTION"

      at /Users/giladbarnea/dev/pi-extensions/pi-simple-team/test/team-registry.test.ts:501:10
      at processTicksAndRejections (native:7:39)
(fail) team_spawn returns each durable Pi session identity [444.56ms]

 0 pass
 20 filtered out
 1 fail
Ran 1 test across 1 file. [709.00ms]
