bun test v1.3.14 (0d9b296a)

test/child-transport.test.ts:
(pass) unified child runtime > automatic kickoff gives an inheriting teammate its own identity and assignment [105.18ms]
(pass) unified child runtime > cancelling startup prevents automatic work and removes the prepared team [81.21ms]
(pass) unified child runtime > concurrent team creation gives both teams a registered delivery runtime [72.12ms]
(pass) unified child runtime > an empty team does not tell main to expect teammate progress [6.81ms]
(pass) unified child runtime > the team log retains complete resumption instructions even when the team starts idle [139.39ms]
(pass) unified child runtime > ambiguous team selection returns names mapped to every available team ID [7.75ms]
(pass) unified child runtime > message publication and shutdown return explicit identities without redundant fields [1078.75ms]
(pass) unified child runtime > list returns a complete teammate record without parallel name or session identity fields [68.54ms]
(pass) unified child runtime > resume and add return complete rosters and whole-team statuses consistently [231.82ms]
(pass) unified child runtime > spawn accepts the reviewed input names and returns one durable teammate identity [72.54ms]
(pass) unified child runtime > a partial kickoff failure identifies started and failed teammates without losing the team [154.15ms]
(pass) unified child runtime > a teammate receives its own peer-delivery failure instead of notifying main [1141.95ms]
(pass) unified child runtime > a delivery failure after publication is pushed to the sending main session [82.32ms]
(pass) unified child runtime > selective interruption applies only to listed recipients and rejects outsiders [153.94ms]
(pass) unified child runtime > add starts only new teammates and can leave a later addition idle [207.01ms]
(pass) unified child runtime > resume starts stopped teammates by default without restarting already-live members [306.80ms]
(pass) unified child runtime > resume can record a resumption prompt while keeping the selected teammate idle [160.06ms]
(pass) unified child runtime > startIdle leaves a ready team idle until an explicit message [94.05ms]
(pass) unified child runtime > starts every teammate only after the complete team is ready [161.64ms]
(pass) unified child runtime > a non-visible child starts the same delivery runtime and registers with the parent [8.93ms]
(pass) unified child runtime > RPC teammates use the parent Pi executable instead of PATH [70.02ms]
(pass) unified child runtime > team_spawn takes an RPC teammate's identity from registration, not a state query [78.33ms]
(pass) unified child runtime > main reads an RPC teammate's context window through its delivery runtime [72.89ms]
(pass) unified child runtime > team_send_message reaches an RPC teammate through its delivery runtime and its events flow back [102.38ms]
(pass) unified child runtime > an interrupting send carries the interrupt flag to the RPC teammate's runtime [1082.20ms]
(pass) visible Herdr teammates > the live team dashboard reports mixed transports from actual members [347.43ms]
(pass) visible Herdr teammates > individual panes support mixed teams and explicit team settings override them [597.73ms]
(pass) visible Herdr teammates > exposes its current context usage to the parent [9.77ms]
(pass) visible Herdr teammates > bounds an interrupted delivery when agent_settled never arrives [259.77ms]
(pass) visible Herdr teammates > resolves an interrupted delivery when session shutdown replaces agent_settled [33.51ms]
(pass) visible Herdr teammates > retries lifecycle callbacks without reordering events [24.77ms]
(pass) visible Herdr teammates > fails a later delivery after the final lifecycle callback failure [20.71ms]
(pass) visible Herdr teammates > defaults to RPC and does not call Herdr when omitted or false [9.25ms]
(pass) visible Herdr teammates > rejects inherited context for an ephemeral main session [0.59ms]
(pass) visible Herdr teammates > Herdr teammates use the parent Pi executable instead of PATH [251.66ms]
(pass) visible Herdr teammates > passes the main session fork only to inheriting visible teammates [454.97ms]
(pass) visible Herdr teammates > requires the main session Herdr tab before visible spawn [1.31ms]
(pass) visible Herdr teammates > main reports a visible teammate before itself [258.17ms]
(pass) visible Herdr teammates > persists visible teammates and resumes them through RPC by default [345.27ms]
(pass) visible Herdr teammates > resumes a persisted session in visible panes only when explicitly requested [486.38ms]
(pass) visible Herdr teammates > starts a ready visible teammate, forwards delivery events, and closes the exact pane [268.88ms]
(pass) visible Herdr teammates > treats an externally closed pane as already closed during team shutdown [245.44ms]
(pass) visible Herdr teammates > closes a pane when visible-child readiness fails [236.59ms]
(pass) visible Herdr teammates > rolls back already-created panes after a later Herdr start fails [275.03ms]

test/session-ownership.test.ts:
(pass) teammate creation schemas > rejects obsolete optional teammate fields instead of silently starting with defaults [0.51ms]
(pass) teammate creation schemas > accept opt-in team oversight and default it to false [0.40ms]
(pass) recursive team oversight > an opted-in teammate receives parent-team tools and manager tools [3.75ms]
(pass) recursive team oversight > a normal teammate does not receive the manager reminder tool [1.77ms]
(pass) recursive team oversight > an overseeing teammate keeps its communication tools connected to its parent team [8.49ms]
(pass) recursive team oversight > spawned teammates receive explicit capability values [134.46ms]
(pass) team_log input schema > accepts only a non-empty kind list containing non-empty strings [2.04ms]
(pass) team_log input schema > places scoped model guidance only on the model parameter [0.25ms]
(pass) team_log input schema > adds environment-based model guidance when the scope is empty [0.19ms]
(pass) team_log input schema > keeps pane configuration guidance on its parameter [0.17ms]
(pass) schedule_reminder > returns before waking the manager once with its custom message [201.91ms]
(pass) schedule_reminder > accepts only a positive delay within the single-timer range [0.76ms]
(pass) schedule_reminder > offers oversight reminders after team creation instead of in the reminder snippet [78.10ms]
(pass) schedule_reminder > renders a compact reminder instead of raw result JSON [1.40ms]
(pass) schedule_reminder > cancels a pending reminder when its session shuts down [202.30ms]
(pass) bundled skill guidance > team_spawn returns the skill instruction to main [7.50ms]
(pass) team ownership across in-process AgentSessions > retains the full outgoing message in the team log [63.43ms]
(pass) team ownership across in-process AgentSessions > the session roster keeps teammate colors consistent across tool renderers [94.77ms]
(pass) team ownership across in-process AgentSessions > shutting down another session leaves the owner's team available [4.44ms]
(pass) team ownership across in-process AgentSessions > a session lists only teams it owns [2.47ms]
(pass) team ownership across in-process AgentSessions > a session cannot explicitly shut down another session's team [4.38ms]
(pass) team ownership across in-process AgentSessions > send_main_message callbacks are delivered to the AgentSession that owns the team [134.98ms]
(pass) context-window reports > an overseeing teammate reports itself when no descendant targets are given [4.87ms]
(pass) context-window reports > a teammate reports its own context window with no arguments [0.27ms]
(pass) context-window reports > main removes repeated teammate targets, preserves teammate order, then reports itself once [92.76ms]

test/team-registry.test.ts:
(pass) idle resume reports the complete team and work that was already active [752.99ms]
(pass) context usage selects same-named teammates by Pi session ID across teams [755.03ms]
(pass) team_spawn isolates teammates from conflicting discovered team extensions [360.51ms]
(pass) team_spawn returns each durable Pi session identity [360.92ms]
(pass) team_spawn cannot overwrite a dormant team attachment [379.52ms]
(pass) canonical team IDs distinguish live teams with the same display name [7.40ms]
(pass) team_resume rejects an ambiguous team name and asks for the persistent team ID [9.30ms]
(pass) an overseeing teammate can discover and resume only teams it created [19.76ms]
(pass) team_shutdown waits for every RPC runtime before releasing ownership [732.83ms]
(pass) team_shutdown gives an overseeing teammate time to stop its own teams [2282.62ms]
(pass) team_add_teammates accepts a team name and grows the owned running team [1102.49ms]
(pass) failed team_add_teammates waits for only its newly started processes to exit [1216.12ms]
(pass) a later same-project session resumes selected and all stopped teammates without losing session identity [1846.99ms]
(pass) a failed selective resume leaves members that were already running alive [1468.00ms]
(pass) team_list reports the live lease and exact dormant expiry [6.79ms]
(pass) team_list reports each member's live runtime state [1085.03ms]
(pass) recovering a stale lease marks the abandoned active manifest dormant [7.91ms]
(pass) stale lease reclamation cannot unlink a concurrent live lease [1.36ms]
(pass) an expired dormant team removes only registry files while an equally old active team remains [367.46ms]
(pass) team discovery treats a symlink as the same project directory [3.31ms]
(pass) a new extension session discovers a shut-down team in the same project [6.92ms]

test/teamlog.test.ts:
(pass) preview > returns short strings unchanged [0.02ms]
(pass) preview > collapses and trims internal whitespace
(pass) preview > truncates strings past the default 160-character limit and reports the original length [0.01ms]
(pass) preview > respects a custom maxLength
(pass) preview > stringifies non-string values as compact JSON [0.02ms]
(pass) preview > falls back to String() instead of throwing on unstringifiable values [1.41ms]
(pass) timeOfDay > formats just the second-level time from an epoch [0.03ms]
(pass) relativeTime > shows just now under one minute [0.02ms]
(pass) relativeTime > shows whole minutes under one hour [0.05ms]
(pass) relativeTime > shows hours with zero-padded minutes under four hours [0.01ms]
(pass) relativeTime > shows whole hours under one day [0.01ms]
(pass) relativeTime > shows one day with remainder hours under two days
(pass) relativeTime > shows whole days under one week
(pass) relativeTime > shows weeks under one month
(pass) relativeTime > shows months from thirty days on
(pass) futureTime > scales from minutes through weeks [0.03ms]
(pass) appendTeamLog > assigns incrementing sequence numbers and returns the created entry [0.05ms]
(pass) appendTeamLog > stamps an ISO timestamp and epochMilliseconds from the provided now [0.02ms]
(pass) appendTeamLog > caps retained entries at 1000 and drops the oldest [0.46ms]
(pass) filterTeamLog > filters by teammate [0.02ms]
(pass) filterTeamLog > returns zero rows for an unknown teammate rather than throwing
(pass) filterTeamLog > filters by kind [0.02ms]
(pass) filterTeamLog > filters by any requested kind [0.02ms]
(pass) filterTeamLog > returns zero rows for an unknown kind rather than throwing
(pass) filterTeamLog > search matches summary, teammate, kind, and stringified details case-insensitively [0.04ms]
(pass) filterTeamLog > filters by since, keeping entries at or after the threshold [0.02ms]
(pass) filterTeamLog > throws on an unparseable since value [0.02ms]
(pass) filterTeamLog > combines filters with AND semantics [0.02ms]
(pass) pageTeamLog > defaults to the latest 20 entries when limit is omitted [0.08ms]
(pass) pageTeamLog > keeps page entries in chronological (oldest-to-newest) order [0.03ms]
(pass) pageTeamLog > clamps limit above 100 down to the 100 max [0.09ms]
(pass) pageTeamLog > floors a fractional limit [0.02ms]
(pass) pageTeamLog > rejects a limit below 1 [0.02ms]
(pass) pageTeamLog > rejects a non-finite limit [0.03ms]
(pass) pageTeamLog > totalMatched reflects the full input set regardless of cursor position [0.03ms]
(pass) pageTeamLog > nextCursor points to the oldest sequence in the page when older entries remain [0.03ms]
(pass) pageTeamLog > omits nextCursor when the page reaches the oldest entry [0.01ms]
(pass) pageTeamLog > walks backward through every page via nextCursor until exhausted [0.08ms]
(pass) pageTeamLog > rejects a malformed cursor [0.05ms]
(pass) renderTeamLogPage > renders a header with team name and matched/returned counts [0.04ms]
(pass) renderTeamLogPage > includes a column header naming every field [0.05ms]
(pass) renderTeamLogPage > renders one row per entry with zero-padded sequence and defaults teammate to main when absent [0.03ms]
(pass) renderTeamLogPage > footer reports counts and appends nextCursor when present [0.06ms]
(pass) renderTeamLogPage > footer omits nextCursor when there is no older page [0.03ms]
(pass) renderTeamLogPage > renders without crashing on an empty page [0.02ms]
(pass) normalizeChildEvent (child agent/tool lifecycle normalization) > maps agent_start to an agent_start entry [0.02ms]
(pass) normalizeChildEvent (child agent/tool lifecycle normalization) > maps agent_end to an agent_end entry and mentions the message count when present [0.02ms]
(pass) normalizeChildEvent (child agent/tool lifecycle normalization) > maps agent_end without a messages array [0.01ms]
(pass) normalizeChildEvent (child agent/tool lifecycle normalization) > maps tool_execution_start to a tool_start entry carrying tool name and args [0.02ms]
(pass) normalizeChildEvent (child agent/tool lifecycle normalization) > maps a successful tool_execution_end to a tool_end entry [0.02ms]
(pass) normalizeChildEvent (child agent/tool lifecycle normalization) > maps a failed tool_execution_end and surfaces the failure in the summary [0.02ms]
(pass) normalizeChildEvent (child agent/tool lifecycle normalization) > skips tool frames for the team child tools, whose semantic entries carry the story [0.03ms]
(pass) normalizeChildEvent (child agent/tool lifecycle normalization) > maps extension_error to an error entry [0.01ms]
(pass) normalizeChildEvent (child agent/tool lifecycle normalization) > drops noisy event types that should not be logged in MVP [0.02ms]

 144 pass
 0 fail
 116 expect() calls
Ran 144 tests across 4 files. [24.03s]
