bun test v1.3.14 (0d9b296a)

test/session-ownership.test.ts:
(pass) teammate creation schemas > rejects obsolete optional teammate fields instead of silently starting with defaults [4.71ms]
(pass) teammate creation schemas > accept opt-in team oversight and default it to false [0.66ms]
(pass) recursive team oversight > an opted-in teammate receives parent-team tools and manager tools [5.72ms]
(pass) recursive team oversight > a normal teammate does not receive the manager reminder tool [3.34ms]
(pass) recursive team oversight > an overseeing teammate keeps its communication tools connected to its parent team [11.67ms]
(pass) recursive team oversight > spawned teammates receive explicit capability values [139.56ms]
(pass) team_log input schema > accepts only a non-empty kind list containing non-empty strings [0.96ms]
(pass) team_log input schema > places scoped model guidance only on the model parameter [0.34ms]
(pass) team_log input schema > adds environment-based model guidance when the scope is empty [0.22ms]
(pass) team_log input schema > keeps pane configuration guidance on its parameter [0.18ms]
(pass) schedule_reminder > returns before waking the manager once with its custom message [202.23ms]
(pass) schedule_reminder > accepts only a positive delay within the single-timer range [1.12ms]
(pass) schedule_reminder > offers oversight reminders after team creation instead of in the reminder snippet [86.79ms]
(pass) schedule_reminder > renders a compact reminder instead of raw result JSON [2.65ms]
(pass) schedule_reminder > cancels a pending reminder when its session shuts down [202.31ms]
(pass) bundled skill guidance > team_spawn returns the skill instruction to main [6.90ms]
(pass) team ownership across in-process AgentSessions > retains the full outgoing message in the team log [63.76ms]
(pass) team ownership across in-process AgentSessions > the session roster keeps teammate colors consistent across tool renderers [96.56ms]
(pass) team ownership across in-process AgentSessions > shutting down another session leaves the owner's team available [5.34ms]
(pass) team ownership across in-process AgentSessions > a session lists only teams it owns [4.62ms]
(pass) team ownership across in-process AgentSessions > a session cannot explicitly shut down another session's team [5.87ms]
(pass) team ownership across in-process AgentSessions > send_main_message callbacks are delivered to the AgentSession that owns the team [140.56ms]
(pass) context-window reports > an overseeing teammate reports itself when no descendant targets are given [3.85ms]
(pass) context-window reports > a teammate reports its own context window with no arguments [0.15ms]
(pass) context-window reports > main removes repeated teammate targets, preserves teammate order, then reports itself once [92.41ms]

test/render.test.ts:
(pass) formatCharCount > formats small, thousands, and ten-thousands counts [0.03ms]
(pass) statusWordToken > maps known status words to semantic tokens [0.02ms]
(pass) statusWordToken > gives free-form activity words the accent token
(pass) teamStatusLines > renders a stat-line header and one tree row per member [0.14ms]
(pass) teamStatusLines > aligns the status word column across rows [0.05ms]
(pass) teamStatusLines > colors each status word by its semantic token [0.05ms]
(pass) teamStatusLines > uses the Team Log actor colors for member names [0.04ms]
(pass) teamStatusLines > renders ISO updated timestamps as relative time [0.06ms]
(pass) allTeamsStatusLines > groups member rows under accent team rows [0.11ms]
(pass) allTeamsStatusLines > keeps member colors across teams [0.04ms]
(pass) teamSpawnLines > lists each teammate with model and thinking level [0.08ms]
(pass) teamSpawnLines > colors teammate names from the session roster [0.03ms]
(pass) teamAddLines > summarizes growth and lists each added teammate like Team Spawn [0.04ms]
(pass) teamAddLines > colors added teammate names from the session roster [0.02ms]
(pass) teamResumeLines > distinguishes restored history from empty restarts [0.12ms]
(pass) teamResumeLines > a full resume drops the of-count [0.03ms]
(pass) teamResumeLines > shows a muted row when nothing was stopped [0.01ms]
(pass) teamListLines > renders one row per team with relative updated and future expires timestamps [0.16ms]
(pass) teamListLines > colors the state word, flags a stale lease, and marks overseers [0.05ms]
(pass) teamListLines > dims stopped members only in active teams [0.03ms]
(pass) teamListLines > shows an empty state when no teams exist [0.02ms]
(pass) teamSendLines > renders arrow, recipients, and size in the header [0.09ms]
(pass) teamSendLines > shows the interrupt stat only when set [0.02ms]
(pass) teamSendLines > colors each recipient from the session roster [0.03ms]
(pass) teamSendLines > collapsed body shows a quote-barred preview with an expand hint [0.02ms]
(pass) teamSendLines > expanded body shows every line without a hint [0.02ms]
(pass) teamShutdownLines > summarizes the stop and lists teammate names [0.04ms]
(pass) teamShutdownLines > colors stopped teammate names from the session roster [0.02ms]
(pass) actorHueToken > main is accent; teammates cycle hue tokens by roster order [0.02ms]
(pass) actorHueToken > actors outside the roster fall back to plain text
(pass) teamLogLines > folds a tool pair into one action row with duration and salient arg [26.25ms]
(pass) teamLogLines > a successful tool colors the chevron with the success token [0.10ms]
(pass) teamLogLines > a failed tool colors the chevron red and leads details with the exit code [0.17ms]
(pass) teamLogLines > a failure without an exit code falls back to the first result line [0.06ms]
(pass) teamLogLines > an unfinished tool stays neutral with an ellipsis in the duration slot [0.05ms]
(pass) teamLogLines > groups consecutive send frames by sender and message into one message row [0.18ms]
(pass) teamLogLines > recipients keep their owner's hue inside details [0.06ms]
(pass) teamLogLines > deliver and ack frames never render in the collapsed view [0.06ms]
(pass) teamLogLines > interrupt sends carry a warning chip [0.04ms]
(pass) teamLogLines > a send_main_message report renders as a message to main [0.05ms]
(pass) teamLogLines > status rows quote word and phrase from details [0.04ms]
(pass) teamLogLines > a turn opens with an ellipsis and closes in place with duration and message count [0.08ms]
(pass) teamLogLines > spawn rows carry model and thinking from details [0.04ms]
(pass) teamLogLines > a repeated actor dims [0.04ms]
(pass) teamLogLines > header shows action and event counts, humanizes since, and keeps the cursor footer [0.09ms]
(pass) teamLogLines > colors a teammate filter from the session roster [0.03ms]
(pass) teamLogLines > renders an empty state row when nothing matched [0.02ms]
(pass) teamLogLines > log rows carry no tree connectors [0.05ms]
(pass) teamLogLines > opens with a day divider when the first entry is not from today [0.07ms]
(pass) teamLogLines > inserts a day divider between rows when the local day changes [0.05ms]
(pass) teamLogLines > a same-day log renders no day divider [0.03ms]
(pass) teamMessageLines > renders a speech header and quote-barred full body [0.09ms]
(pass) teamMessageLines > renders an ISO sentAt as relative time [0.02ms]
(pass) renderTeamMessage > returns undefined without well-formed details so the default renderer takes over [0.05ms]
(pass) renderTeamMessage > returns a component for well-formed details [0.50ms]
(pass) renderTeamMessage > colors the sender from the session roster [2.40ms]
(pass) renderTeamToolResult > renders the call header with the error in red on failure [0.28ms]
(pass) renderTeamToolResult > colors Team Send recipients when rendering a Markdown body [0.24ms]
(pass) renderTeamToolResult > right-aligns Team Status timestamps and truncates phrases to the remaining width [0.47ms]
(pass) renderTeamToolResult > translates Team Resume result details into restored and restarted rows [0.27ms]
(pass) renderTeamToolResult > keeps a teammate color consistent across Team Status and Team Log [0.40ms]
(pass) renderTeamToolCall > shows a static warning indicator only while the tool is pending [0.26ms]
(pass) renderTeamToolCall > renders multiple Team Log kinds as one OR filter [0.14ms]
(pass) renderTeamToolCall > colors a Team Log target from the session roster [0.11ms]
(pass) TeamLines > clips each logical line to the render width when collapsed [0.08ms]
(pass) TeamLines > wraps logical lines when expanded [0.26ms]
(pass) TeamLines > re-applies the quote-bar prefix to wrapped continuation lines [0.23ms]
(pass) markdown views in a narrow terminal > a teammate message header is clipped instead of overflowing [0.15ms]
(pass) markdown views in a narrow terminal > a team send header is clipped instead of overflowing [1.33ms]
(pass) markdown views in a narrow terminal > team spawn call and result fit a nine-column render width [0.33ms]
(pass) markdown views in a narrow terminal > shared prefixed rows and message bodies fit a nine-column render width [0.23ms]
(pass) markdown views in a narrow terminal > keeps the composed in-progress Team Spawn row within a nine-column render width [1.64ms]

 97 pass
 0 fail
 255 expect() calls
Ran 97 tests across 2 files. [1478.00ms]
