bun test v1.3.14 (0d9b296a)

test/child-transport.test.ts:
(pass) unified child runtime > idle resume reports work queued before the child starts its turn [1106.28ms]
(pass) unified child runtime > automatic kickoff gives an inheriting teammate its own identity and assignment [115.52ms]
(pass) unified child runtime > cancelling startup prevents automatic work and removes the prepared team [85.95ms]
(pass) unified child runtime > concurrent team creation gives both teams a registered delivery runtime [71.96ms]
(pass) unified child runtime > an empty team does not tell main to expect teammate progress [6.41ms]
(pass) unified child runtime > the team log retains complete resumption instructions even when the team starts idle [133.48ms]
(pass) unified child runtime > ambiguous team selection returns names mapped to every available team ID [7.46ms]
(pass) unified child runtime > message publication and shutdown return explicit identities without redundant fields [1087.03ms]
(pass) unified child runtime > list returns a complete teammate record without parallel name or session identity fields [89.44ms]
(pass) unified child runtime > resume and add return complete rosters and whole-team statuses consistently [225.45ms]
(pass) unified child runtime > spawn accepts the reviewed input names and returns one durable teammate identity [68.39ms]
(pass) unified child runtime > a partial kickoff failure identifies started and failed teammates without losing the team [146.88ms]
(pass) unified child runtime > a teammate receives its own peer-delivery failure instead of notifying main [1148.00ms]
(pass) unified child runtime > a delivery failure after publication is pushed to the sending main session [96.25ms]
(pass) unified child runtime > selective interruption applies only to listed recipients and rejects outsiders [151.07ms]
(pass) unified child runtime > add starts only new teammates and can leave a later addition idle [207.67ms]
(pass) unified child runtime > resume starts stopped teammates by default without restarting already-live members [308.78ms]
(pass) unified child runtime > resume can record a resumption prompt while keeping the selected teammate idle [159.31ms]
(pass) unified child runtime > startIdle leaves a ready team idle until an explicit message [1080.12ms]
(pass) unified child runtime > starts every teammate only after the complete team is ready [179.40ms]
(pass) unified child runtime > a non-visible child starts the same delivery runtime and registers with the parent [8.09ms]
(pass) unified child runtime > RPC teammates use the parent Pi executable instead of PATH [69.59ms]
(pass) unified child runtime > team_spawn takes an RPC teammate's identity from registration, not a state query [75.59ms]
(pass) unified child runtime > main reads an RPC teammate's context window through its delivery runtime [70.37ms]
(pass) unified child runtime > team_send_message reaches an RPC teammate through its delivery runtime and its events flow back [104.24ms]
(pass) unified child runtime > an interrupting send carries the interrupt flag to the RPC teammate's runtime [1082.49ms]
(pass) visible Herdr teammates > the live team dashboard reports mixed transports from actual members [347.12ms]
(pass) visible Herdr teammates > individual panes support mixed teams and explicit team settings override them [584.78ms]
(pass) visible Herdr teammates > exposes its current context usage to the parent [9.44ms]
(pass) visible Herdr teammates > bounds an interrupted delivery when agent_settled never arrives [260.18ms]
(pass) visible Herdr teammates > resolves an interrupted delivery when session shutdown replaces agent_settled [35.85ms]
(pass) visible Herdr teammates > retries lifecycle callbacks without reordering events [27.92ms]
(pass) visible Herdr teammates > fails a later delivery after the final lifecycle callback failure [22.03ms]
(pass) visible Herdr teammates > defaults to RPC and does not call Herdr when omitted or false [9.62ms]
(pass) visible Herdr teammates > rejects inherited context for an ephemeral main session [0.50ms]
(pass) visible Herdr teammates > Herdr teammates use the parent Pi executable instead of PATH [248.87ms]
(pass) visible Herdr teammates > passes the main session fork only to inheriting visible teammates [433.61ms]
(pass) visible Herdr teammates > requires the main session Herdr tab before visible spawn [1.32ms]
(pass) visible Herdr teammates > main reports a visible teammate before itself [242.81ms]
(pass) visible Herdr teammates > persists visible teammates and resumes them through RPC by default [323.24ms]
(pass) visible Herdr teammates > resumes a persisted session in visible panes only when explicitly requested [493.02ms]
(pass) visible Herdr teammates > starts a ready visible teammate, forwards delivery events, and closes the exact pane [274.94ms]
(pass) visible Herdr teammates > treats an externally closed pane as already closed during team shutdown [238.21ms]
(pass) visible Herdr teammates > closes a pane when visible-child readiness fails [235.38ms]
(pass) visible Herdr teammates > rolls back already-created panes after a later Herdr start fails [269.08ms]

test/session-ownership.test.ts:
(pass) teammate creation schemas > rejects obsolete optional teammate fields instead of silently starting with defaults [0.50ms]
(pass) teammate creation schemas > accept opt-in team oversight and default it to false [0.40ms]
(pass) recursive team oversight > an opted-in teammate receives parent-team tools and manager tools [4.42ms]
(pass) recursive team oversight > a normal teammate does not receive the manager reminder tool [3.31ms]
(pass) recursive team oversight > an overseeing teammate keeps its communication tools connected to its parent team [5.25ms]
(pass) recursive team oversight > spawned teammates receive explicit capability values [133.85ms]
(pass) team_log input schema > accepts only a non-empty kind list containing non-empty strings [0.75ms]
(pass) team_log input schema > places scoped model guidance only on the model parameter [0.28ms]
(pass) team_log input schema > adds environment-based model guidance when the scope is empty [0.19ms]
(pass) team_log input schema > keeps pane configuration guidance on its parameter [0.19ms]
(pass) schedule_reminder > returns before waking the manager once with its custom message [202.16ms]
(pass) schedule_reminder > accepts only a positive delay within the single-timer range [0.85ms]
(pass) schedule_reminder > offers oversight reminders after team creation instead of in the reminder snippet [92.10ms]
(pass) schedule_reminder > renders a compact reminder instead of raw result JSON [1.53ms]
(pass) schedule_reminder > cancels a pending reminder when its session shuts down [202.52ms]
(pass) bundled skill guidance > team_spawn returns the skill instruction to main [7.19ms]
(pass) team ownership across in-process AgentSessions > retains the full outgoing message in the team log [63.49ms]
(pass) team ownership across in-process AgentSessions > the session roster keeps teammate colors consistent across tool renderers [98.62ms]
(pass) team ownership across in-process AgentSessions > shutting down another session leaves the owner's team available [5.07ms]
(pass) team ownership across in-process AgentSessions > a session lists only teams it owns [1.68ms]
(pass) team ownership across in-process AgentSessions > a session cannot explicitly shut down another session's team [4.86ms]
(pass) team ownership across in-process AgentSessions > send_main_message callbacks are delivered to the AgentSession that owns the team [133.55ms]
(pass) context-window reports > an overseeing teammate reports itself when no descendant targets are given [5.63ms]
(pass) context-window reports > a teammate reports its own context window with no arguments [0.23ms]
(pass) context-window reports > main removes repeated teammate targets, preserves teammate order, then reports itself once [93.51ms]

test/team-command.test.ts:
(pass) /team > shows an empty state and excludes teams owned by another session [5.04ms]
(pass) /team > opens the only team without a selection step [3.07ms]
(pass) /team > selects a team before opening its overview when several teams exist [4.89ms]
(pass) /team > wraps the team dashboard in an external border [0.95ms]
(pass) /team > keeps fixed bordered regions and bounds statuses by latest update [0.66ms]
(pass) /team > aligns status columns and right-aligns relative timestamps of different widths [0.88ms]
(pass) /team > middle-truncates status, message, and team-log rows [1.14ms]
(pass) /team > reads fresh team data on every live render [0.37ms]
(pass) /team > opens a team that appears while the empty overlay is open [0.21ms]
(pass) /team > shows the selector when several teams appear while the empty overlay is open [0.22ms]
(pass) /team > falls back to the empty state when the viewed team vanishes [0.20ms]
(pass) /team > marks the messages widget focused by default and offers widget navigation [0.20ms]
(pass) /team > moves widget focus with Up and Down, clamped at both ends [0.55ms]
(pass) /team > zooms the messages widget with Enter and returns to the dashboard with Esc [0.74ms]
(pass) /team > zooms the team log widget and reaches entries beyond the dashboard cap [2.30ms]
(pass) /team > zoomed log draws from the full retained log, not a fixed entry cap [6.73ms]
(pass) /team > honors rebound selection keys for widget focus [0.35ms]
(pass) /team > zoomed views show a breadcrumb, keep the widget highlighted, and spell out the way back [0.32ms]
(pass) /team > drops the zoomed view when the viewed team vanishes [0.25ms]
(pass) /team > shows the newest fitting messages and logs chronologically without scrolling [0.97ms]

test/preflight-models.test.ts:
(pass) formatModelReference > formats a canonical provider/model id [0.77ms]
(pass) formatScopedModelGuidance > explains how to choose when the session has no scoped models [0.03ms]
(pass) formatScopedModelGuidance > lists every scoped model as optional guidance [0.01ms]
(pass) validateTeammateModels > unavailable model errors identify the model field and available replacement IDs [0.13ms]
(pass) validateTeammateModels > accepts an available model that is outside the scoped guidance [0.03ms]
(pass) validateTeammateModels > rejects a model absent from all available models [0.02ms]

test/stderr-lifecycle.test.ts:
33 | 	const candidates = teams.flatMap((team) => [
34 | 		{ name: team.teamName, id: team.teamId, team, teammate: undefined },
35 | 		...team.teammates.map((teammate) => ({ name: teammate.name, id: teammate.teammateId, team, teammate })),
36 | 	]);
37 | 	const selected = new Map<string, TeamSelection>();
38 | 	for (const identifier of identifiers) {
                               ^
TypeError: undefined is not an object (evaluating 'identifiers')
      at resolveTargets (/Users/giladbarnea/dev/pi-extensions/pi-simple-team/team-selection.ts:38:27)
      at execute (/Users/giladbarnea/dev/pi-extensions/pi-simple-team/index.ts:1355:24)
      at execute (/Users/giladbarnea/dev/pi-extensions/pi-simple-team/test/stderr-lifecycle.test.ts:76:16)
      at <anonymous> (/Users/giladbarnea/dev/pi-extensions/pi-simple-team/test/stderr-lifecycle.test.ts:91:10)
(fail) RPC stderr and conversation lifetime > keeps Pi conversation across follow-up turns, idle resumption, default resumption, and additions [453.80ms]

test/team-registry.test.ts:
(pass) idle resume reports the complete team and work that was already active [738.29ms]
(pass) context usage selects same-named teammates by Pi session ID across teams [745.00ms]
(pass) team_spawn isolates teammates from conflicting discovered team extensions [358.67ms]
(pass) team_spawn returns each durable Pi session identity [355.33ms]
(pass) team_spawn cannot overwrite a dormant team attachment [360.72ms]
(pass) canonical team IDs distinguish live teams with the same display name [7.27ms]
(pass) team_resume rejects an ambiguous team name and asks for the persistent team ID [10.18ms]
(pass) an overseeing teammate can discover and resume only teams it created [19.20ms]
(pass) team_shutdown waits for every RPC runtime before releasing ownership [719.44ms]
(pass) team_shutdown gives an overseeing teammate time to stop its own teams [2272.80ms]
(pass) team_add_teammates accepts a team name and grows the owned running team [1079.41ms]
(pass) failed team_add_teammates waits for only its newly started processes to exit [1198.95ms]
(pass) a later same-project session resumes selected and all stopped teammates without losing session identity [1778.14ms]
(pass) a failed selective resume leaves members that were already running alive [1396.81ms]
(pass) team_list reports the live lease and exact dormant expiry [6.24ms]
(pass) team_list reports each member's live runtime state [1055.76ms]
(pass) recovering a stale lease marks the abandoned active manifest dormant [7.27ms]
(pass) stale lease reclamation cannot unlink a concurrent live lease [0.99ms]
(pass) an expired dormant team removes only registry files while an equally old active team remains [359.37ms]
(pass) team discovery treats a symlink as the same project directory [3.42ms]
(pass) a new extension session discovers a shut-down team in the same project [6.45ms]

test/teamlog.test.ts:
(pass) preview > returns short strings unchanged [0.01ms]
(pass) preview > collapses and trims internal whitespace
(pass) preview > truncates strings past the default 160-character limit and reports the original length [0.01ms]
(pass) preview > respects a custom maxLength
(pass) preview > stringifies non-string values as compact JSON
(pass) preview > falls back to String() instead of throwing on unstringifiable values [1.35ms]
(pass) timeOfDay > formats just the second-level time from an epoch [0.03ms]
(pass) relativeTime > shows just now under one minute [0.02ms]
(pass) relativeTime > shows whole minutes under one hour [0.02ms]
(pass) relativeTime > shows hours with zero-padded minutes under four hours [0.02ms]
(pass) relativeTime > shows whole hours under one day
(pass) relativeTime > shows one day with remainder hours under two days [0.01ms]
(pass) relativeTime > shows whole days under one week
(pass) relativeTime > shows weeks under one month
(pass) relativeTime > shows months from thirty days on
(pass) futureTime > scales from minutes through weeks [0.03ms]
(pass) appendTeamLog > assigns incrementing sequence numbers and returns the created entry [0.05ms]
(pass) appendTeamLog > stamps an ISO timestamp and epochMilliseconds from the provided now [0.02ms]
(pass) appendTeamLog > caps retained entries at 1000 and drops the oldest [0.46ms]
(pass) filterTeamLog > filters by teammate [0.02ms]
(pass) filterTeamLog > returns zero rows for an unknown teammate rather than throwing
(pass) filterTeamLog > filters by kind [0.02ms]
(pass) filterTeamLog > filters by any requested kind [0.02ms]
(pass) filterTeamLog > returns zero rows for an unknown kind rather than throwing
(pass) filterTeamLog > search matches summary, teammate, kind, and stringified details case-insensitively [0.05ms]
(pass) filterTeamLog > filters by since, keeping entries at or after the threshold [0.02ms]
(pass) filterTeamLog > throws on an unparseable since value [0.02ms]
(pass) filterTeamLog > combines filters with AND semantics [0.02ms]
(pass) pageTeamLog > defaults to the latest 20 entries when limit is omitted [0.08ms]
(pass) pageTeamLog > keeps page entries in chronological (oldest-to-newest) order [0.03ms]
(pass) pageTeamLog > clamps limit above 100 down to the 100 max [0.09ms]
(pass) pageTeamLog > floors a fractional limit [0.02ms]
(pass) pageTeamLog > rejects a limit below 1 [0.03ms]
(pass) pageTeamLog > rejects a non-finite limit [0.02ms]
(pass) pageTeamLog > totalMatched reflects the full input set regardless of cursor position [0.03ms]
(pass) pageTeamLog > nextCursor points to the oldest sequence in the page when older entries remain [0.07ms]
(pass) pageTeamLog > omits nextCursor when the page reaches the oldest entry [0.02ms]
(pass) pageTeamLog > walks backward through every page via nextCursor until exhausted [0.09ms]
(pass) pageTeamLog > rejects a malformed cursor [0.05ms]
(pass) renderTeamLogPage > renders a header with team name and matched/returned counts [0.04ms]
(pass) renderTeamLogPage > includes a column header naming every field [0.04ms]
(pass) renderTeamLogPage > renders one row per entry with zero-padded sequence and defaults teammate to main when absent [0.03ms]
(pass) renderTeamLogPage > footer reports counts and appends nextCursor when present [0.07ms]
(pass) renderTeamLogPage > footer omits nextCursor when there is no older page [0.02ms]
(pass) renderTeamLogPage > renders without crashing on an empty page [0.02ms]
(pass) normalizeChildEvent (child agent/tool lifecycle normalization) > maps agent_start to an agent_start entry [0.02ms]
(pass) normalizeChildEvent (child agent/tool lifecycle normalization) > maps agent_end to an agent_end entry and mentions the message count when present [0.02ms]
(pass) normalizeChildEvent (child agent/tool lifecycle normalization) > maps agent_end without a messages array [0.01ms]
(pass) normalizeChildEvent (child agent/tool lifecycle normalization) > maps tool_execution_start to a tool_start entry carrying tool name and args [0.03ms]
(pass) normalizeChildEvent (child agent/tool lifecycle normalization) > maps a successful tool_execution_end to a tool_end entry [0.02ms]
(pass) normalizeChildEvent (child agent/tool lifecycle normalization) > maps a failed tool_execution_end and surfaces the failure in the summary [0.02ms]
(pass) normalizeChildEvent (child agent/tool lifecycle normalization) > skips tool frames for the team child tools, whose semantic entries carry the story [0.03ms]
(pass) normalizeChildEvent (child agent/tool lifecycle normalization) > maps extension_error to an error entry [0.01ms]
(pass) normalizeChildEvent (child agent/tool lifecycle normalization) > drops noisy event types that should not be logged in MVP [0.02ms]

test/system-prompt.test.ts:
(pass) composeSystemPrompt participant list > names the same full participant list for every teammate [0.04ms]
(pass) composeSystemPrompt participant list > instructs every teammate to read the bundled ai-to-leader and ai-to-delegated skills [0.02ms]
(pass) composeSystemPrompt acknowledgement instructions (review issue 2) > tells the teammate to ack via team_status on wake up, before doing substantive work [0.08ms]
(pass) composeSystemPrompt acknowledgement instructions (review issue 2) > tells the teammate to ack via team_status before acting on an incoming message [0.03ms]
(pass) composeSystemPrompt proactive handoff instruction (review issue 3) > tells the teammate to notify the blocking party before setting a waiting status [0.02ms]
(pass) explains recursive-team tools and their ownership boundary to an overseeing teammate [0.02ms]
(pass) does not claim that the current main observed work before a resume [0.02ms]

test/real-pi.test.ts:
(pass) real pi child runtime > an RPC-mode child registers and a delivered message triggers a turn [13088.33ms]

test/idle-context.test.ts:
(pass) idle conversation context > records instructions without a turn and includes them once in the next model request [324.12ms]

test/render.test.ts:
(pass) formatCharCount > formats small, thousands, and ten-thousands counts [0.03ms]
(pass) statusWordToken > maps known status words to semantic tokens [0.02ms]
(pass) statusWordToken > gives free-form activity words the accent token
(pass) teamStatusLines > renders a stat-line header and one tree row per member [0.12ms]
(pass) teamStatusLines > aligns the status word column across rows [0.04ms]
(pass) teamStatusLines > colors each status word by its semantic token [0.04ms]
(pass) teamStatusLines > uses the Team Log actor colors for member names [0.03ms]
(pass) teamStatusLines > renders ISO updated timestamps as relative time [0.04ms]
(pass) allTeamsStatusLines > groups member rows under accent team rows [0.11ms]
(pass) allTeamsStatusLines > keeps member colors across teams [0.04ms]
(pass) teamSpawnLines > lists each teammate with model and thinking level [0.08ms]
(pass) teamSpawnLines > colors teammate names from the session roster [0.03ms]
(pass) teamAddLines > summarizes growth and lists each added teammate like Team Spawn [0.05ms]
(pass) teamAddLines > colors added teammate names from the session roster [0.02ms]
(pass) teamResumeLines > distinguishes restored history from empty restarts [0.13ms]
(pass) teamResumeLines > a full resume drops the of-count [0.02ms]
(pass) teamResumeLines > shows a muted row when nothing was stopped [0.01ms]
(pass) teamListLines > renders one row per team with relative updated and future expires timestamps [0.17ms]
(pass) teamListLines > colors the state word, flags a stale lease, and marks overseers [0.04ms]
(pass) teamListLines > dims stopped members only in active teams [0.02ms]
(pass) teamListLines > shows an empty state when no teams exist [0.02ms]
(pass) teamSendLines > renders arrow, recipients, and size in the header [0.09ms]
(pass) teamSendLines > shows the interrupt stat only when set [0.03ms]
(pass) teamSendLines > colors each recipient from the session roster [0.02ms]
(pass) teamSendLines > collapsed body shows a quote-barred preview with an expand hint [0.03ms]
(pass) teamSendLines > expanded body shows every line without a hint [0.02ms]
(pass) teamShutdownLines > summarizes the stop and lists teammate names [0.04ms]
(pass) teamShutdownLines > colors stopped teammate names from the session roster [0.01ms]
(pass) actorHueToken > main is accent; teammates cycle hue tokens by roster order [0.02ms]
(pass) actorHueToken > actors outside the roster fall back to plain text
(pass) teamLogLines > folds a tool pair into one action row with duration and salient arg [0.36ms]
(pass) teamLogLines > a successful tool colors the chevron with the success token [0.06ms]
(pass) teamLogLines > a failed tool colors the chevron red and leads details with the exit code [0.11ms]
(pass) teamLogLines > a failure without an exit code falls back to the first result line [0.05ms]
(pass) teamLogLines > an unfinished tool stays neutral with an ellipsis in the duration slot [0.03ms]
(pass) teamLogLines > groups consecutive send frames by sender and message into one message row [0.08ms]
(pass) teamLogLines > recipients keep their owner's hue inside details [0.04ms]
(pass) teamLogLines > deliver and ack frames never render in the collapsed view [0.05ms]
(pass) teamLogLines > interrupt sends carry a warning chip [0.03ms]
(pass) teamLogLines > a send_main_message report renders as a message to main [0.03ms]
(pass) teamLogLines > status rows quote word and phrase from details [0.03ms]
(pass) teamLogLines > a turn opens with an ellipsis and closes in place with duration and message count [0.06ms]
(pass) teamLogLines > spawn rows carry model and thinking from details [0.03ms]
(pass) teamLogLines > a repeated actor dims [0.03ms]
(pass) teamLogLines > header shows action and event counts, humanizes since, and keeps the cursor footer [0.06ms]
(pass) teamLogLines > colors a teammate filter from the session roster [0.03ms]
(pass) teamLogLines > renders an empty state row when nothing matched [0.02ms]
(pass) teamLogLines > log rows carry no tree connectors [0.03ms]
(pass) teamLogLines > opens with a day divider when the first entry is not from today [0.03ms]
(pass) teamLogLines > inserts a day divider between rows when the local day changes [0.04ms]
(pass) teamLogLines > a same-day log renders no day divider [0.03ms]
(pass) teamMessageLines > renders a speech header and quote-barred full body [0.04ms]
(pass) teamMessageLines > renders an ISO sentAt as relative time [0.02ms]
(pass) renderTeamMessage > returns undefined without well-formed details so the default renderer takes over [0.03ms]
(pass) renderTeamMessage > returns a component for well-formed details [0.34ms]
(pass) renderTeamMessage > colors the sender from the session roster [2.46ms]
(pass) renderTeamToolResult > renders the call header with the error in red on failure [0.25ms]
(pass) renderTeamToolResult > colors Team Send recipients when rendering a Markdown body [0.24ms]
(pass) renderTeamToolResult > right-aligns Team Status timestamps and truncates phrases to the remaining width [0.44ms]
(pass) renderTeamToolResult > translates Team Resume result details into restored and restarted rows [0.25ms]
(pass) renderTeamToolResult > keeps a teammate color consistent across Team Status and Team Log [0.37ms]
(pass) renderTeamToolCall > shows a static warning indicator only while the tool is pending [0.28ms]
(pass) renderTeamToolCall > renders multiple Team Log kinds as one OR filter [0.13ms]
(pass) renderTeamToolCall > colors a Team Log target from the session roster [0.11ms]
(pass) TeamLines > clips each logical line to the render width when collapsed [0.08ms]
(pass) TeamLines > wraps logical lines when expanded [0.27ms]
(pass) TeamLines > re-applies the quote-bar prefix to wrapped continuation lines [0.22ms]
(pass) markdown views in a narrow terminal > a teammate message header is clipped instead of overflowing [0.12ms]
(pass) markdown views in a narrow terminal > a team send header is clipped instead of overflowing [1.30ms]
(pass) markdown views in a narrow terminal > team spawn call and result fit a nine-column render width [0.32ms]
(pass) markdown views in a narrow terminal > shared prefixed rows and message bodies fit a nine-column render width [0.22ms]
(pass) markdown views in a narrow terminal > keeps the composed in-progress Team Spawn row within a nine-column render width [2.07ms]

1 tests failed:
(fail) RPC stderr and conversation lifetime > keeps Pi conversation across follow-up turns, idle resumption, default resumption, and additions [453.80ms]

 252 pass
 1 fail
 394 expect() calls
Ran 253 tests across 11 files. [39.76s]
